#-----------------------------------------------------------
# Webtalk v2019.2 (64-bit)
# SW Build 2708876 on Wed Nov  6 21:40:23 MST 2019
# IP Build 2700528 on Thu Nov  7 00:09:20 MST 2019
# Start of session at: Tue Oct 27 20:17:29 2020
# Process ID: 20596
# Current directory: D:/vivado_prj/CPU_CDE/mycpu_verify/run_vivado/mycpu_prj1/mycpu_prj1.sim/sim_1/behav/xsim
# Command line: wbtcv.exe -mode batch -source D:/vivado_prj/CPU_CDE/mycpu_verify/run_vivado/mycpu_prj1/mycpu_prj1.sim/sim_1/behav/xsim/xsim.dir/tb_top_behav/webtalk/xsim_webtalk.tcl -notrace
# Log file: D:/vivado_prj/CPU_CDE/mycpu_verify/run_vivado/mycpu_prj1/mycpu_prj1.sim/sim_1/behav/xsim/webtalk.log
# Journal file: D:/vivado_prj/CPU_CDE/mycpu_verify/run_vivado/mycpu_prj1/mycpu_prj1.sim/sim_1/behav/xsim\webtalk.jou
#-----------------------------------------------------------
source D:/vivado_prj/CPU_CDE/mycpu_verify/run_vivado/mycpu_prj1/mycpu_prj1.sim/sim_1/behav/xsim/xsim.dir/tb_top_behav/webtalk/xsim_webtalk.tcl -notrace
