Copyright 1986-2019 Xilinx, Inc. All Rights Reserved.
-----------------------------------------------------------------------------------------
| Tool Version : Vivado v.2019.2 (win64) Build 2708876 Wed Nov  6 21:40:23 MST 2019
| Date         : Tue Oct 20 18:54:56 2020
| Host         : LAPTOP-N3SV2ADE running 64-bit major release  (build 9200)
| Command      : report_control_sets -verbose -file soc_lite_top_control_sets_placed.rpt
| Design       : soc_lite_top
| Device       : xc7a200t
-----------------------------------------------------------------------------------------

Control Set Information

Table of Contents
-----------------
1. Summary
2. Histogram
3. Flip-Flop Distribution
4. Detailed Control Set Information

1. Summary
----------

+----------------------------------------------------------+-------+
|                          Status                          | Count |
+----------------------------------------------------------+-------+
| Total control sets                                       |    46 |
|    Minimum number of control sets                        |    46 |
|    Addition due to synthesis replication                 |     0 |
|    Addition due to physical synthesis replication        |     0 |
| Unused register locations in slices containing registers |   120 |
+----------------------------------------------------------+-------+
* Control sets can be merged at opt_design using control_set_merge or merge_equivalent_drivers
** Run report_qor_suggestions for automated merging and remapping suggestions


2. Histogram
------------

+--------------------+-------+
|       Fanout       | Count |
+--------------------+-------+
| Total control sets |    46 |
| >= 0 to < 4        |     2 |
| >= 4 to < 6        |     4 |
| >= 6 to < 8        |     1 |
| >= 8 to < 10       |     2 |
| >= 10 to < 12      |     0 |
| >= 12 to < 14      |     1 |
| >= 14 to < 16      |     0 |
| >= 16              |    36 |
+--------------------+-------+
* Control sets can be remapped at either synth_design or opt_design


3. Flip-Flop Distribution
-------------------------

+--------------+-----------------------+------------------------+-----------------+--------------+
| Clock Enable | Synchronous Set/Reset | Asynchronous Set/Reset | Total Registers | Total Slices |
+--------------+-----------------------+------------------------+-----------------+--------------+
| No           | No                    | No                     |             702 |          206 |
| No           | No                    | Yes                    |               0 |            0 |
| No           | Yes                   | No                     |             220 |           67 |
| Yes          | No                    | No                     |            1166 |          404 |
| Yes          | No                    | Yes                    |               0 |            0 |
| Yes          | Yes                   | No                     |             520 |          291 |
+--------------+-----------------------+------------------------+-----------------+--------------+


4. Detailed Control Set Information
-----------------------------------

+-----------------------------+-----------------------------------------------------------------------------------------------------------------------------------------------------------------------------------------------------------+-----------------------------------------------------------------------------------------------------------------------------------------------------------------------------------------------------------+------------------+----------------+
|         Clock Signal        |                                                                                               Enable Signal                                                                                               |                                                                                              Set/Reset Signal                                                                                             | Slice Load Count | Bel Load Count |
+-----------------------------+-----------------------------------------------------------------------------------------------------------------------------------------------------------------------------------------------------------+-----------------------------------------------------------------------------------------------------------------------------------------------------------------------------------------------------------+------------------+----------------+
|  pll.clk_pll/inst/cpu_clk   | confreg/step1_sample                                                                                                                                                                                      | confreg/cpu_resetn_reg                                                                                                                                                                                    |                1 |              1 |
|  pll.clk_pll/inst/cpu_clk   | confreg/step0_sample                                                                                                                                                                                      | confreg/cpu_resetn_reg                                                                                                                                                                                    |                1 |              1 |
|  pll.clk_pll/inst/cpu_clk   | cpu/exe_stage/ena                                                                                                                                                                                         |                                                                                                                                                                                                           |                1 |              4 |
|  pll.clk_pll/inst/cpu_clk   |                                                                                                                                                                                                           | confreg/state_count0                                                                                                                                                                                      |                1 |              4 |
|  pll.clk_pll/inst/cpu_clk   | cpu/exe_stage/E[0]                                                                                                                                                                                        | cpu/id_stage/fs_to_ds_bus_r_reg[36]_1                                                                                                                                                                     |                1 |              4 |
|  pll.clk_pll/inst/cpu_clk   |                                                                                                                                                                                                           | confreg/btn_key_r[12]_i_1_n_0                                                                                                                                                                             |                4 |              5 |
|  pll.clk_pll/inst/cpu_clk   | confreg/p_0_in                                                                                                                                                                                            | confreg/cpu_resetn_reg                                                                                                                                                                                    |                4 |              6 |
|  pll.clk_pll/inst/cpu_clk   | cpu/exe_stage/es_valid_reg_10[0]                                                                                                                                                                          | confreg/cpu_resetn_reg                                                                                                                                                                                    |                4 |              8 |
|  pll.clk_pll/inst/cpu_clk   |                                                                                                                                                                                                           | cpu/reset                                                                                                                                                                                                 |                5 |              9 |
|  pll.clk_pll/inst/cpu_clk   | cpu/exe_stage/ds_valid_reg[0]                                                                                                                                                                             |                                                                                                                                                                                                           |               11 |             13 |
|  pll.clk_pll/inst/cpu_clk   |                                                                                                                                                                                                           | confreg/step0_count0                                                                                                                                                                                      |                5 |             20 |
|  pll.clk_pll/inst/cpu_clk   |                                                                                                                                                                                                           | confreg/key_count0                                                                                                                                                                                        |                5 |             20 |
|  pll.clk_pll/inst/cpu_clk   |                                                                                                                                                                                                           | confreg/step1_count0                                                                                                                                                                                      |                5 |             20 |
|  pll.clk_pll/inst/timer_clk |                                                                                                                                                                                                           | confreg/cpu_resetn_reg                                                                                                                                                                                    |                8 |             32 |
|  pll.clk_pll/inst/cpu_clk   | cpu/exe_stage/es_valid_reg_8[0]                                                                                                                                                                           | confreg/cpu_resetn_reg                                                                                                                                                                                    |               19 |             32 |
|  pll.clk_pll/inst/cpu_clk   | cpu/exe_stage/es_valid_reg_5[0]                                                                                                                                                                           | confreg/cpu_resetn_reg                                                                                                                                                                                    |               23 |             32 |
|  pll.clk_pll/inst/cpu_clk   | cpu/exe_stage/es_valid_reg_6[0]                                                                                                                                                                           | confreg/cpu_resetn_reg                                                                                                                                                                                    |               20 |             32 |
|  pll.clk_pll/inst/cpu_clk   | cpu/exe_stage/reg_LO_we                                                                                                                                                                                   |                                                                                                                                                                                                           |               16 |             32 |
|  pll.clk_pll/inst/cpu_clk   | cpu/exe_stage/reg_HI_we                                                                                                                                                                                   |                                                                                                                                                                                                           |               24 |             32 |
|  pll.clk_pll/inst/cpu_clk   | cpu/exe_stage/sel_conf_r_i_5_0                                                                                                                                                                            | confreg/cpu_resetn_reg                                                                                                                                                                                    |               24 |             32 |
|  pll.clk_pll/inst/cpu_clk   | cpu/exe_stage/ds_to_es_bus_r_reg[117]_1[0]                                                                                                                                                                | confreg/cpu_resetn_reg                                                                                                                                                                                    |               19 |             32 |
|  pll.clk_pll/inst/cpu_clk   | cpu/exe_stage/cpu_resetn_reg[0]                                                                                                                                                                           |                                                                                                                                                                                                           |               12 |             32 |
|  pll.clk_pll/inst/cpu_clk   | cpu/exe_stage/ds_to_es_bus_r_reg[117]_2[0]                                                                                                                                                                | confreg/cpu_resetn_reg                                                                                                                                                                                    |               22 |             32 |
|  pll.clk_pll/inst/cpu_clk   | cpu/exe_stage/es_valid_reg_9[0]                                                                                                                                                                           | confreg/cpu_resetn_reg                                                                                                                                                                                    |                9 |             32 |
|  pll.clk_pll/inst/cpu_clk   | cpu/exe_stage/ds_valid_reg[0]                                                                                                                                                                             | cpu/reset                                                                                                                                                                                                 |               14 |             32 |
|  pll.clk_pll/inst/cpu_clk   | cpu/exe_stage/es_valid_reg_2[0]                                                                                                                                                                           | confreg/cpu_resetn_reg                                                                                                                                                                                    |               17 |             32 |
|  pll.clk_pll/inst/cpu_clk   | cpu/exe_stage/es_valid_reg_1[0]                                                                                                                                                                           | confreg/cpu_resetn_reg                                                                                                                                                                                    |               15 |             32 |
|  pll.clk_pll/inst/cpu_clk   | cpu/exe_stage/es_valid_reg_7[0]                                                                                                                                                                           | confreg/cpu_resetn_reg                                                                                                                                                                                    |               21 |             32 |
|  pll.clk_pll/inst/cpu_clk   | cpu/exe_stage/es_valid_reg_4[0]                                                                                                                                                                           | confreg/cpu_resetn_reg                                                                                                                                                                                    |               15 |             32 |
|  pll.clk_pll/inst/cpu_clk   |                                                                                                                                                                                                           | cpu/exe_stage/u_signed_divider/U0/i_synth/i_nonzero_fract.i_synth/i_algo_r2_or_lutmult.i_nonzero_fract.i_sdivider/i_sdivider.divider_blk/div_loop[0].stage_zero.control_gen.ce_create[1].del_ce/first_q   |                9 |             33 |
|  pll.clk_pll/inst/cpu_clk   |                                                                                                                                                                                                           | cpu/exe_stage/u_unsigned_divider/U0/i_synth/i_nonzero_fract.i_synth/i_algo_r2_or_lutmult.i_nonzero_fract.i_sdivider/i_sdivider.divider_blk/div_loop[0].stage_zero.control_gen.ce_create[1].del_ce/first_q |                9 |             33 |
|  pll.clk_pll/inst/cpu_clk   | cpu/exe_stage/es_valid_reg_3[0]                                                                                                                                                                           | confreg/cpu_resetn_reg                                                                                                                                                                                    |               20 |             34 |
|  pll.clk_pll/inst/cpu_clk   | cpu/exe_stage/ds_to_es_bus_r_reg[117]_0[0]                                                                                                                                                                | confreg/cpu_resetn_reg                                                                                                                                                                                    |               18 |             34 |
|  pll.clk_pll/inst/cpu_clk   | cpu/mem_stage/ms_to_ws_valid                                                                                                                                                                              |                                                                                                                                                                                                           |               23 |             38 |
|  pll.clk_pll/inst/cpu_clk   | cpu/exe_stage/es_valid_reg_0[0]                                                                                                                                                                           |                                                                                                                                                                                                           |               17 |             39 |
|  pll.clk_pll/inst/cpu_clk   |                                                                                                                                                                                                           | confreg/cpu_resetn_reg                                                                                                                                                                                    |               16 |             44 |
|  pll.clk_pll/inst/cpu_clk   | cpu/exe_stage/ds_to_es_bus_r_reg[117]_3[0]                                                                                                                                                                | confreg/cpu_resetn_reg                                                                                                                                                                                    |               24 |             48 |
|  pll.clk_pll/inst/cpu_clk   | cpu/exe_stage/ds_valid_reg_0[0]                                                                                                                                                                           |                                                                                                                                                                                                           |               32 |             64 |
|  pll.clk_pll/inst/timer_clk |                                                                                                                                                                                                           |                                                                                                                                                                                                           |               19 |             67 |
|  pll.clk_pll/inst/cpu_clk   | cpu/wb_stage/ws_valid_reg_0                                                                                                                                                                               |                                                                                                                                                                                                           |               12 |             96 |
|  pll.clk_pll/inst/cpu_clk   | cpu/exe_stage/u_unsigned_divider/U0/i_synth/i_nonzero_fract.i_synth/i_algo_r2_or_lutmult.i_nonzero_fract.i_sdivider/i_sdivider.divider_blk/div_loop[0].stage_zero.control_gen.ce_create[0].del_ce/first_q |                                                                                                                                                                                                           |               29 |            112 |
|  pll.clk_pll/inst/cpu_clk   | cpu/exe_stage/u_signed_divider/U0/i_synth/i_nonzero_fract.i_synth/i_algo_r2_or_lutmult.i_nonzero_fract.i_sdivider/i_sdivider.divider_blk/div_loop[0].stage_zero.control_gen.ce_create[0].del_ce/first_q   |                                                                                                                                                                                                           |               24 |            114 |
|  pll.clk_pll/inst/cpu_clk   | cpu/exe_stage/E[0]                                                                                                                                                                                        |                                                                                                                                                                                                           |               58 |            140 |
|  pll.clk_pll/inst/cpu_clk   | cpu/exe_stage/u_signed_divider/U0/i_synth/i_nonzero_fract.i_synth/i_algo_r2_or_lutmult.i_nonzero_fract.i_sdivider/i_sdivider.divider_blk/div_loop[0].stage_zero.control_gen.ce_create[1].del_ce/first_q   |                                                                                                                                                                                                           |               77 |            273 |
|  pll.clk_pll/inst/cpu_clk   | cpu/exe_stage/u_unsigned_divider/U0/i_synth/i_nonzero_fract.i_synth/i_algo_r2_or_lutmult.i_nonzero_fract.i_sdivider/i_sdivider.divider_blk/div_loop[0].stage_zero.control_gen.ce_create[1].del_ce/first_q |                                                                                                                                                                                                           |               80 |            273 |
|  pll.clk_pll/inst/cpu_clk   |                                                                                                                                                                                                           |                                                                                                                                                                                                           |              187 |            641 |
+-----------------------------+-----------------------------------------------------------------------------------------------------------------------------------------------------------------------------------------------------------+-----------------------------------------------------------------------------------------------------------------------------------------------------------------------------------------------------------+------------------+----------------+


